
Loading design for application trce from file mmu_impl1.ncd.
Design name: MMU
NCD version: 3.3
Vendor:      LATTICE
Device:      LCMXO2-256HC
Package:     CSBGA132
Performance: 4
Loading device for application trce from file 'xo2c256.nph' in environment: C:/lscc/diamond/3.12/ispfpga.
Package Status:                     Final          Version 1.41.
Performance Hardware Data Status:   Final          Version 34.4.
Setup and Hold Report

--------------------------------------------------------------------------------
Lattice TRACE Report - Setup, Version Diamond (64-bit) 3.12.1.454
Tue May 20 17:43:26 2025

Copyright (c) 1991-1994 by NeoCAD Inc. All rights reserved.
Copyright (c) 1995 AT&T Corp.   All rights reserved.
Copyright (c) 1995-2001 Lucent Technologies Inc.  All rights reserved.
Copyright (c) 2001 Agere Systems   All rights reserved.
Copyright (c) 2002-2020 Lattice Semiconductor Corporation,  All rights reserved.

Report Information
------------------
Command line:    trce -v 10 -gt -sethld -sp 4 -sphld m -o MMU_impl1.twr -gui MMU_impl1.ncd MMU_impl1.prf 
Design file:     mmu_impl1.ncd
Preference file: mmu_impl1.prf
Device,speed:    LCMXO2-256HC,4
Report level:    verbose report, limited to 10 items per preference
--------------------------------------------------------------------------------

1 potential circuit loop found in timing analysis.
BLOCK ASYNCPATHS
BLOCK RESETPATHS
--------------------------------------------------------------------------------



================================================================================
Preference: FREQUENCY NET "DELAY_CLK" 133.000000 MHz ;
            17 items scored, 0 timing errors detected.
--------------------------------------------------------------------------------


Passed: The following path meets requirements by 4.995ns

 Logical Details:  Cell type  Pin type       Cell/ASIC name  (clock net +/-)

   Source:         FF         Q              U_MMU_RA/MMU_RA_MUX/U_DRAM_HOLD_TIME/PRAS_N_SHIFT_REGISTER_i1  (from DELAY_CLK +)
   Destination:    FF         Data in        U_MMU_RA/MMU_RA_MUX/U_DRAM_HOLD_TIME/PRAS_N_SHIFT_REGISTER_i2  (to DELAY_CLK +)

   Delay:               2.176ns  (20.8% logic, 79.2% route), 1 logic levels.

 Constraint Details:

      2.176ns physical path delay SLICE_68 to SLICE_63 meets
      7.519ns delay constraint less
      0.000ns skew and
      0.348ns M_SET requirement (totaling 7.171ns) by 4.995ns

 Physical Path Details:

      Data path SLICE_68 to SLICE_63:

   Name    Fanout   Delay (ns)          Site               Resource
REG_DEL     ---     0.452      R2C6C.CLK to       R2C6C.Q1 SLICE_68 (from DELAY_CLK)
ROUTE         1     1.724       R2C6C.Q1 to       R3C6A.M0 U_MMU_RA/MMU_RA_MUX/U_DRAM_HOLD_TIME/PRAS_N_SHIFT_REGISTER_1 (to DELAY_CLK)
                  --------
                    2.176   (20.8% logic, 79.2% route), 1 logic levels.

 Clock Skew Details: 

      Source Clock Path U_DELAY_OSCILLATOR/U_OSCH to SLICE_68:

   Name    Fanout   Delay (ns)          Site               Resource
ROUTE        11     2.970        OSC.OSC to      R2C6C.CLK DELAY_CLK
                  --------
                    2.970   (0.0% logic, 100.0% route), 0 logic levels.

      Destination Clock Path U_DELAY_OSCILLATOR/U_OSCH to SLICE_63:

   Name    Fanout   Delay (ns)          Site               Resource
ROUTE        11     2.970        OSC.OSC to      R3C6A.CLK DELAY_CLK
                  --------
                    2.970   (0.0% logic, 100.0% route), 0 logic levels.


Passed: The following path meets requirements by 5.223ns

 Logical Details:  Cell type  Pin type       Cell/ASIC name  (clock net +/-)

   Source:         FF         Q              U_MMU_RA/MMU_RA_MUX/U_DRAM_HOLD_TIME/PRAS_N_SHIFT_REGISTER_i4  (from DELAY_CLK +)
   Destination:    FF         Data in        U_MMU_RA/MMU_RA_MUX/U_DRAM_HOLD_TIME/PRAS_N_SHIFT_REGISTER_i5  (to DELAY_CLK +)

   Delay:               1.948ns  (23.2% logic, 76.8% route), 1 logic levels.

 Constraint Details:

      1.948ns physical path delay SLICE_56 to SLICE_56 meets
      7.519ns delay constraint less
      0.000ns skew and
      0.348ns M_SET requirement (totaling 7.171ns) by 5.223ns

 Physical Path Details:

      Data path SLICE_56 to SLICE_56:

   Name    Fanout   Delay (ns)          Site               Resource
REG_DEL     ---     0.452      R3C6D.CLK to       R3C6D.Q0 SLICE_56 (from DELAY_CLK)
ROUTE         1     1.496       R3C6D.Q0 to       R3C6D.M1 U_MMU_RA/MMU_RA_MUX/U_DRAM_HOLD_TIME/PRAS_N_SHIFT_REGISTER_4 (to DELAY_CLK)
                  --------
                    1.948   (23.2% logic, 76.8% route), 1 logic levels.

 Clock Skew Details: 

      Source Clock Path U_DELAY_OSCILLATOR/U_OSCH to SLICE_56:

   Name    Fanout   Delay (ns)          Site               Resource
ROUTE        11     2.970        OSC.OSC to      R3C6D.CLK DELAY_CLK
                  --------
                    2.970   (0.0% logic, 100.0% route), 0 logic levels.

      Destination Clock Path U_DELAY_OSCILLATOR/U_OSCH to SLICE_56:

   Name    Fanout   Delay (ns)          Site               Resource
ROUTE        11     2.970        OSC.OSC to      R3C6D.CLK DELAY_CLK
                  --------
                    2.970   (0.0% logic, 100.0% route), 0 logic levels.


Passed: The following path meets requirements by 5.392ns

 Logical Details:  Cell type  Pin type       Cell/ASIC name  (clock net +/-)

   Source:         FF         Q              U_MMU_HOLD_TIME/SHIFT_REGISTER_i2  (from DELAY_CLK +)
   Destination:    FF         Data in        U_MMU_HOLD_TIME/SHIFT_REGISTER_i3  (to DELAY_CLK +)

   Delay:               1.779ns  (25.4% logic, 74.6% route), 1 logic levels.

 Constraint Details:

      1.779ns physical path delay SLICE_66 to SLICE_62 meets
      7.519ns delay constraint less
      0.000ns skew and
      0.348ns M_SET requirement (totaling 7.171ns) by 5.392ns

 Physical Path Details:

      Data path SLICE_66 to SLICE_62:

   Name    Fanout   Delay (ns)          Site               Resource
REG_DEL     ---     0.452      R4C6B.CLK to       R4C6B.Q1 SLICE_66 (from DELAY_CLK)
ROUTE         1     1.327       R4C6B.Q1 to       R4C7D.M0 U_MMU_HOLD_TIME/SHIFT_REGISTER_2 (to DELAY_CLK)
                  --------
                    1.779   (25.4% logic, 74.6% route), 1 logic levels.

 Clock Skew Details: 

      Source Clock Path U_DELAY_OSCILLATOR/U_OSCH to SLICE_66:

   Name    Fanout   Delay (ns)          Site               Resource
ROUTE        11     2.970        OSC.OSC to      R4C6B.CLK DELAY_CLK
                  --------
                    2.970   (0.0% logic, 100.0% route), 0 logic levels.

      Destination Clock Path U_DELAY_OSCILLATOR/U_OSCH to SLICE_62:

   Name    Fanout   Delay (ns)          Site               Resource
ROUTE        11     2.970        OSC.OSC to      R4C7D.CLK DELAY_CLK
                  --------
                    2.970   (0.0% logic, 100.0% route), 0 logic levels.


Passed: The following path meets requirements by 5.422ns

 Logical Details:  Cell type  Pin type       Cell/ASIC name  (clock net +/-)

   Source:         FF         Q              U_MMU_HOLD_TIME/SHIFT_REGISTER_i5  (from DELAY_CLK +)
   Destination:    FF         Data in        U_MMU_HOLD_TIME/D_PHI_0_9  (to DELAY_CLK +)

   Delay:               1.749ns  (25.8% logic, 74.2% route), 1 logic levels.

 Constraint Details:

      1.749ns physical path delay SLICE_60 to SLICE_67 meets
      7.519ns delay constraint less
      0.000ns skew and
      0.348ns M_SET requirement (totaling 7.171ns) by 5.422ns

 Physical Path Details:

      Data path SLICE_60 to SLICE_67:

   Name    Fanout   Delay (ns)          Site               Resource
REG_DEL     ---     0.452      R4C7B.CLK to       R4C7B.Q0 SLICE_60 (from DELAY_CLK)
ROUTE         1     1.297       R4C7B.Q0 to       R4C4C.M0 U_MMU_HOLD_TIME/SHIFT_REGISTER_5 (to DELAY_CLK)
                  --------
                    1.749   (25.8% logic, 74.2% route), 1 logic levels.

 Clock Skew Details: 

      Source Clock Path U_DELAY_OSCILLATOR/U_OSCH to SLICE_60:

   Name    Fanout   Delay (ns)          Site               Resource
ROUTE        11     2.970        OSC.OSC to      R4C7B.CLK DELAY_CLK
                  --------
                    2.970   (0.0% logic, 100.0% route), 0 logic levels.

      Destination Clock Path U_DELAY_OSCILLATOR/U_OSCH to SLICE_67:

   Name    Fanout   Delay (ns)          Site               Resource
ROUTE        11     2.970        OSC.OSC to      R4C4C.CLK DELAY_CLK
                  --------
                    2.970   (0.0% logic, 100.0% route), 0 logic levels.


Passed: The following path meets requirements by 5.735ns

 Logical Details:  Cell type  Pin type       Cell/ASIC name  (clock net +/-)

   Source:         FF         Q              U_MMU_RA/MMU_RA_MUX/U_DRAM_HOLD_TIME/Q3_SHIFT_REGISTER_i3  (from DELAY_CLK +)
   Destination:    FF         Data in        U_MMU_RA/MMU_RA_MUX/U_DRAM_HOLD_TIME/Q3_SHIFT_REGISTER_i4  (to DELAY_CLK +)

   Delay:               1.436ns  (31.5% logic, 68.5% route), 1 logic levels.

 Constraint Details:

      1.436ns physical path delay SLICE_52 to SLICE_55 meets
      7.519ns delay constraint less
      0.000ns skew and
      0.348ns M_SET requirement (totaling 7.171ns) by 5.735ns

 Physical Path Details:

      Data path SLICE_52 to SLICE_55:

   Name    Fanout   Delay (ns)          Site               Resource
REG_DEL     ---     0.452      R4C5D.CLK to       R4C5D.Q1 SLICE_52 (from DELAY_CLK)
ROUTE         1     0.984       R4C5D.Q1 to       R3C5B.M0 U_MMU_RA/MMU_RA_MUX/U_DRAM_HOLD_TIME/Q3_SHIFT_REGISTER_3 (to DELAY_CLK)
                  --------
                    1.436   (31.5% logic, 68.5% route), 1 logic levels.

 Clock Skew Details: 

      Source Clock Path U_DELAY_OSCILLATOR/U_OSCH to SLICE_52:

   Name    Fanout   Delay (ns)          Site               Resource
ROUTE        11     2.970        OSC.OSC to      R4C5D.CLK DELAY_CLK
                  --------
                    2.970   (0.0% logic, 100.0% route), 0 logic levels.

      Destination Clock Path U_DELAY_OSCILLATOR/U_OSCH to SLICE_55:

   Name    Fanout   Delay (ns)          Site               Resource
ROUTE        11     2.970        OSC.OSC to      R3C5B.CLK DELAY_CLK
                  --------
                    2.970   (0.0% logic, 100.0% route), 0 logic levels.


Passed: The following path meets requirements by 5.735ns

 Logical Details:  Cell type  Pin type       Cell/ASIC name  (clock net +/-)

   Source:         FF         Q              U_MMU_RA/MMU_RA_MUX/U_DRAM_HOLD_TIME/Q3_SHIFT_REGISTER_i1  (from DELAY_CLK +)
   Destination:    FF         Data in        U_MMU_RA/MMU_RA_MUX/U_DRAM_HOLD_TIME/Q3_SHIFT_REGISTER_i2  (to DELAY_CLK +)

   Delay:               1.436ns  (31.5% logic, 68.5% route), 1 logic levels.

 Constraint Details:

      1.436ns physical path delay SLICE_53 to SLICE_52 meets
      7.519ns delay constraint less
      0.000ns skew and
      0.348ns M_SET requirement (totaling 7.171ns) by 5.735ns

 Physical Path Details:

      Data path SLICE_53 to SLICE_52:

   Name    Fanout   Delay (ns)          Site               Resource
REG_DEL     ---     0.452      R4C6D.CLK to       R4C6D.Q1 SLICE_53 (from DELAY_CLK)
ROUTE         1     0.984       R4C6D.Q1 to       R4C5D.M0 U_MMU_RA/MMU_RA_MUX/U_DRAM_HOLD_TIME/Q3_SHIFT_REGISTER_1 (to DELAY_CLK)
                  --------
                    1.436   (31.5% logic, 68.5% route), 1 logic levels.

 Clock Skew Details: 

      Source Clock Path U_DELAY_OSCILLATOR/U_OSCH to SLICE_53:

   Name    Fanout   Delay (ns)          Site               Resource
ROUTE        11     2.970        OSC.OSC to      R4C6D.CLK DELAY_CLK
                  --------
                    2.970   (0.0% logic, 100.0% route), 0 logic levels.

      Destination Clock Path U_DELAY_OSCILLATOR/U_OSCH to SLICE_52:

   Name    Fanout   Delay (ns)          Site               Resource
ROUTE        11     2.970        OSC.OSC to      R4C5D.CLK DELAY_CLK
                  --------
                    2.970   (0.0% logic, 100.0% route), 0 logic levels.


Passed: The following path meets requirements by 5.735ns

 Logical Details:  Cell type  Pin type       Cell/ASIC name  (clock net +/-)

   Source:         FF         Q              U_MMU_RA/MMU_RA_MUX/U_DRAM_HOLD_TIME/PRAS_N_SHIFT_REGISTER_i5  (from DELAY_CLK +)
   Destination:    FF         Data in        U_MMU_RA/MMU_RA_MUX/U_DRAM_HOLD_TIME/D_RAS_N_14  (to DELAY_CLK +)

   Delay:               1.436ns  (31.5% logic, 68.5% route), 1 logic levels.

 Constraint Details:

      1.436ns physical path delay SLICE_56 to SLICE_65 meets
      7.519ns delay constraint less
      0.000ns skew and
      0.348ns M_SET requirement (totaling 7.171ns) by 5.735ns

 Physical Path Details:

      Data path SLICE_56 to SLICE_65:

   Name    Fanout   Delay (ns)          Site               Resource
REG_DEL     ---     0.452      R3C6D.CLK to       R3C6D.Q1 SLICE_56 (from DELAY_CLK)
ROUTE         1     0.984       R3C6D.Q1 to       R3C5D.M1 U_MMU_RA/MMU_RA_MUX/U_DRAM_HOLD_TIME/PRAS_N_SHIFT_REGISTER_5 (to DELAY_CLK)
                  --------
                    1.436   (31.5% logic, 68.5% route), 1 logic levels.

 Clock Skew Details: 

      Source Clock Path U_DELAY_OSCILLATOR/U_OSCH to SLICE_56:

   Name    Fanout   Delay (ns)          Site               Resource
ROUTE        11     2.970        OSC.OSC to      R3C6D.CLK DELAY_CLK
                  --------
                    2.970   (0.0% logic, 100.0% route), 0 logic levels.

      Destination Clock Path U_DELAY_OSCILLATOR/U_OSCH to SLICE_65:

   Name    Fanout   Delay (ns)          Site               Resource
ROUTE        11     2.970        OSC.OSC to      R3C5D.CLK DELAY_CLK
                  --------
                    2.970   (0.0% logic, 100.0% route), 0 logic levels.


Passed: The following path meets requirements by 5.735ns

 Logical Details:  Cell type  Pin type       Cell/ASIC name  (clock net +/-)

   Source:         FF         Q              U_MMU_HOLD_TIME/SHIFT_REGISTER_i0  (from DELAY_CLK +)
   Destination:    FF         Data in        U_MMU_HOLD_TIME/SHIFT_REGISTER_i1  (to DELAY_CLK +)

   Delay:               1.436ns  (31.5% logic, 68.5% route), 1 logic levels.

 Constraint Details:

      1.436ns physical path delay SLICE_67 to SLICE_66 meets
      7.519ns delay constraint less
      0.000ns skew and
      0.348ns M_SET requirement (totaling 7.171ns) by 5.735ns

 Physical Path Details:

      Data path SLICE_67 to SLICE_66:

   Name    Fanout   Delay (ns)          Site               Resource
REG_DEL     ---     0.452      R4C4C.CLK to       R4C4C.Q1 SLICE_67 (from DELAY_CLK)
ROUTE         1     0.984       R4C4C.Q1 to       R4C6B.M0 U_MMU_HOLD_TIME/SHIFT_REGISTER_0 (to DELAY_CLK)
                  --------
                    1.436   (31.5% logic, 68.5% route), 1 logic levels.

 Clock Skew Details: 

      Source Clock Path U_DELAY_OSCILLATOR/U_OSCH to SLICE_67:

   Name    Fanout   Delay (ns)          Site               Resource
ROUTE        11     2.970        OSC.OSC to      R4C4C.CLK DELAY_CLK
                  --------
                    2.970   (0.0% logic, 100.0% route), 0 logic levels.

      Destination Clock Path U_DELAY_OSCILLATOR/U_OSCH to SLICE_66:

   Name    Fanout   Delay (ns)          Site               Resource
ROUTE        11     2.970        OSC.OSC to      R4C6B.CLK DELAY_CLK
                  --------
                    2.970   (0.0% logic, 100.0% route), 0 logic levels.


Passed: The following path meets requirements by 6.151ns

 Logical Details:  Cell type  Pin type       Cell/ASIC name  (clock net +/-)

   Source:         FF         Q              U_MMU_RA/MMU_RA_MUX/U_DRAM_HOLD_TIME/Q3_SHIFT_REGISTER_i2  (from DELAY_CLK +)
   Destination:    FF         Data in        U_MMU_RA/MMU_RA_MUX/U_DRAM_HOLD_TIME/Q3_SHIFT_REGISTER_i3  (to DELAY_CLK +)

   Delay:               1.020ns  (44.3% logic, 55.7% route), 1 logic levels.

 Constraint Details:

      1.020ns physical path delay SLICE_52 to SLICE_52 meets
      7.519ns delay constraint less
      0.000ns skew and
      0.348ns M_SET requirement (totaling 7.171ns) by 6.151ns

 Physical Path Details:

      Data path SLICE_52 to SLICE_52:

   Name    Fanout   Delay (ns)          Site               Resource
REG_DEL     ---     0.452      R4C5D.CLK to       R4C5D.Q0 SLICE_52 (from DELAY_CLK)
ROUTE         1     0.568       R4C5D.Q0 to       R4C5D.M1 U_MMU_RA/MMU_RA_MUX/U_DRAM_HOLD_TIME/Q3_SHIFT_REGISTER_2 (to DELAY_CLK)
                  --------
                    1.020   (44.3% logic, 55.7% route), 1 logic levels.

 Clock Skew Details: 

      Source Clock Path U_DELAY_OSCILLATOR/U_OSCH to SLICE_52:

   Name    Fanout   Delay (ns)          Site               Resource
ROUTE        11     2.970        OSC.OSC to      R4C5D.CLK DELAY_CLK
                  --------
                    2.970   (0.0% logic, 100.0% route), 0 logic levels.

      Destination Clock Path U_DELAY_OSCILLATOR/U_OSCH to SLICE_52:

   Name    Fanout   Delay (ns)          Site               Resource
ROUTE        11     2.970        OSC.OSC to      R4C5D.CLK DELAY_CLK
                  --------
                    2.970   (0.0% logic, 100.0% route), 0 logic levels.


Passed: The following path meets requirements by 6.151ns

 Logical Details:  Cell type  Pin type       Cell/ASIC name  (clock net +/-)

   Source:         FF         Q              U_MMU_RA/MMU_RA_MUX/U_DRAM_HOLD_TIME/Q3_SHIFT_REGISTER_i0  (from DELAY_CLK +)
   Destination:    FF         Data in        U_MMU_RA/MMU_RA_MUX/U_DRAM_HOLD_TIME/Q3_SHIFT_REGISTER_i1  (to DELAY_CLK +)

   Delay:               1.020ns  (44.3% logic, 55.7% route), 1 logic levels.

 Constraint Details:

      1.020ns physical path delay SLICE_53 to SLICE_53 meets
      7.519ns delay constraint less
      0.000ns skew and
      0.348ns M_SET requirement (totaling 7.171ns) by 6.151ns

 Physical Path Details:

      Data path SLICE_53 to SLICE_53:

   Name    Fanout   Delay (ns)          Site               Resource
REG_DEL     ---     0.452      R4C6D.CLK to       R4C6D.Q0 SLICE_53 (from DELAY_CLK)
ROUTE         1     0.568       R4C6D.Q0 to       R4C6D.M1 U_MMU_RA/MMU_RA_MUX/U_DRAM_HOLD_TIME/Q3_SHIFT_REGISTER_0 (to DELAY_CLK)
                  --------
                    1.020   (44.3% logic, 55.7% route), 1 logic levels.

 Clock Skew Details: 

      Source Clock Path U_DELAY_OSCILLATOR/U_OSCH to SLICE_53:

   Name    Fanout   Delay (ns)          Site               Resource
ROUTE        11     2.970        OSC.OSC to      R4C6D.CLK DELAY_CLK
                  --------
                    2.970   (0.0% logic, 100.0% route), 0 logic levels.

      Destination Clock Path U_DELAY_OSCILLATOR/U_OSCH to SLICE_53:

   Name    Fanout   Delay (ns)          Site               Resource
ROUTE        11     2.970        OSC.OSC to      R4C6D.CLK DELAY_CLK
                  --------
                    2.970   (0.0% logic, 100.0% route), 0 logic levels.

Report:  396.197MHz is the maximum frequency for this preference.

Report Summary
--------------
----------------------------------------------------------------------------
Preference                              |   Constraint|       Actual|Levels
----------------------------------------------------------------------------
                                        |             |             |
FREQUENCY NET "DELAY_CLK" 133.000000    |             |             |
MHz ;                                   |  133.000 MHz|  396.197 MHz|   1  
                                        |             |             |
----------------------------------------------------------------------------


All preferences were met.


Clock Domains Analysis
------------------------

Found 14 clocks:

Clock Domain: U_SOFT_SWITCHES_C05X/PG2_N_129   Source: SLICE_9.F1   Loads: 1
   No transfer within this clock domain is found

Clock Domain: U_SOFT_SWITCHES_C05X/HIRES_N_134   Source: SLICE_56.F1   Loads: 1
   No transfer within this clock domain is found

Clock Domain: U_SOFT_SWITCHES_C00X/SOFT_SWITCHES_LATCH/Q3_N_104   Source: SLICE_55.F1   Loads: 1
   No transfer within this clock domain is found

Clock Domain: U_SOFT_SWITCHES_C00X/SOFT_SWITCHES_LATCH/Q2_N_101   Source: SLICE_63.F1   Loads: 1
   No transfer within this clock domain is found

Clock Domain: U_MMU_SOFT_SWITCHES_C08X/DEV0_N_N_87   Source: SLICE_41.F1   Loads: 6
   No transfer within this clock domain is found

Clock Domain: U_MMU_RA/MMU_RA_MUX/WAITING_FOR_PRAS_N_246   Source: U_MMU_RA/MMU_RA_MUX/SLICE_73.F1   Loads: 1
   No transfer within this clock domain is found

Clock Domain: U_MMU_RA/MMU_RA_MUX/PRAS_N_c_derived_1   Source: U_MMU_RA/MMU_RA_MUX/SLICE_29.F0   Loads: 3
   No transfer within this clock domain is found

Clock Domain: Q5_N_110   Source: SLICE_7.F1   Loads: 1
   No transfer within this clock domain is found

Clock Domain: Q4_N_107   Source: SLICE_68.F0   Loads: 1
   No transfer within this clock domain is found

Clock Domain: Q1_N_98   Source: SLICE_68.F1   Loads: 1
   No transfer within this clock domain is found

Clock Domain: Q0_N_91   Source: SLICE_54.F1   Loads: 1
   No transfer within this clock domain is found

Clock Domain: PHI_0_c   Source: PHI_0.PAD   Loads: 13
   No transfer within this clock domain is found

Clock Domain: L5_6_N_173   Source: U_ADDR_DECODER/SLICE_42.F1   Loads: 2
   No transfer within this clock domain is found

Clock Domain: DELAY_CLK   Source: U_DELAY_OSCILLATOR/U_OSCH.OSC   Loads: 11
   Covered under: FREQUENCY NET "DELAY_CLK" 133.000000 MHz ;


Timing summary (Setup):
---------------

Timing errors: 0  Score: 0
Cumulative negative slack: 0

Constraints cover 17 paths, 1 nets, and 49 connections (10.38% coverage)

--------------------------------------------------------------------------------
Lattice TRACE Report - Hold, Version Diamond (64-bit) 3.12.1.454
Tue May 20 17:43:26 2025

Copyright (c) 1991-1994 by NeoCAD Inc. All rights reserved.
Copyright (c) 1995 AT&T Corp.   All rights reserved.
Copyright (c) 1995-2001 Lucent Technologies Inc.  All rights reserved.
Copyright (c) 2001 Agere Systems   All rights reserved.
Copyright (c) 2002-2020 Lattice Semiconductor Corporation,  All rights reserved.

Report Information
------------------
Command line:    trce -v 10 -gt -sethld -sp 4 -sphld m -o MMU_impl1.twr -gui MMU_impl1.ncd MMU_impl1.prf 
Design file:     mmu_impl1.ncd
Preference file: mmu_impl1.prf
Device,speed:    LCMXO2-256HC,m
Report level:    verbose report, limited to 10 items per preference
--------------------------------------------------------------------------------

1 potential circuit loop found in timing analysis.
BLOCK ASYNCPATHS
BLOCK RESETPATHS
--------------------------------------------------------------------------------



================================================================================
Preference: FREQUENCY NET "DELAY_CLK" 133.000000 MHz ;
            17 items scored, 0 timing errors detected.
--------------------------------------------------------------------------------


Passed: The following path meets requirements by 0.304ns

 Logical Details:  Cell type  Pin type       Cell/ASIC name  (clock net +/-)

   Source:         FF         Q              U_MMU_RA/MMU_RA_MUX/U_DRAM_HOLD_TIME/Q3_SHIFT_REGISTER_i2  (from DELAY_CLK +)
   Destination:    FF         Data in        U_MMU_RA/MMU_RA_MUX/U_DRAM_HOLD_TIME/Q3_SHIFT_REGISTER_i3  (to DELAY_CLK +)

   Delay:               0.285ns  (46.7% logic, 53.3% route), 1 logic levels.

 Constraint Details:

      0.285ns physical path delay SLICE_52 to SLICE_52 meets
     -0.019ns M_HLD and
      0.000ns delay constraint less
      0.000ns skew requirement (totaling -0.019ns) by 0.304ns

 Physical Path Details:

      Data path SLICE_52 to SLICE_52:

   Name    Fanout   Delay (ns)          Site               Resource
REG_DEL     ---     0.133      R4C5D.CLK to       R4C5D.Q0 SLICE_52 (from DELAY_CLK)
ROUTE         1     0.152       R4C5D.Q0 to       R4C5D.M1 U_MMU_RA/MMU_RA_MUX/U_DRAM_HOLD_TIME/Q3_SHIFT_REGISTER_2 (to DELAY_CLK)
                  --------
                    0.285   (46.7% logic, 53.3% route), 1 logic levels.

 Clock Skew Details: 

      Source Clock Path U_DELAY_OSCILLATOR/U_OSCH to SLICE_52:

   Name    Fanout   Delay (ns)          Site               Resource
ROUTE        11     1.029        OSC.OSC to      R4C5D.CLK DELAY_CLK
                  --------
                    1.029   (0.0% logic, 100.0% route), 0 logic levels.

      Destination Clock Path U_DELAY_OSCILLATOR/U_OSCH to SLICE_52:

   Name    Fanout   Delay (ns)          Site               Resource
ROUTE        11     1.029        OSC.OSC to      R4C5D.CLK DELAY_CLK
                  --------
                    1.029   (0.0% logic, 100.0% route), 0 logic levels.


Passed: The following path meets requirements by 0.304ns

 Logical Details:  Cell type  Pin type       Cell/ASIC name  (clock net +/-)

   Source:         FF         Q              U_MMU_RA/MMU_RA_MUX/U_DRAM_HOLD_TIME/Q3_SHIFT_REGISTER_i0  (from DELAY_CLK +)
   Destination:    FF         Data in        U_MMU_RA/MMU_RA_MUX/U_DRAM_HOLD_TIME/Q3_SHIFT_REGISTER_i1  (to DELAY_CLK +)

   Delay:               0.285ns  (46.7% logic, 53.3% route), 1 logic levels.

 Constraint Details:

      0.285ns physical path delay SLICE_53 to SLICE_53 meets
     -0.019ns M_HLD and
      0.000ns delay constraint less
      0.000ns skew requirement (totaling -0.019ns) by 0.304ns

 Physical Path Details:

      Data path SLICE_53 to SLICE_53:

   Name    Fanout   Delay (ns)          Site               Resource
REG_DEL     ---     0.133      R4C6D.CLK to       R4C6D.Q0 SLICE_53 (from DELAY_CLK)
ROUTE         1     0.152       R4C6D.Q0 to       R4C6D.M1 U_MMU_RA/MMU_RA_MUX/U_DRAM_HOLD_TIME/Q3_SHIFT_REGISTER_0 (to DELAY_CLK)
                  --------
                    0.285   (46.7% logic, 53.3% route), 1 logic levels.

 Clock Skew Details: 

      Source Clock Path U_DELAY_OSCILLATOR/U_OSCH to SLICE_53:

   Name    Fanout   Delay (ns)          Site               Resource
ROUTE        11     1.029        OSC.OSC to      R4C6D.CLK DELAY_CLK
                  --------
                    1.029   (0.0% logic, 100.0% route), 0 logic levels.

      Destination Clock Path U_DELAY_OSCILLATOR/U_OSCH to SLICE_53:

   Name    Fanout   Delay (ns)          Site               Resource
ROUTE        11     1.029        OSC.OSC to      R4C6D.CLK DELAY_CLK
                  --------
                    1.029   (0.0% logic, 100.0% route), 0 logic levels.


Passed: The following path meets requirements by 0.304ns

 Logical Details:  Cell type  Pin type       Cell/ASIC name  (clock net +/-)

   Source:         FF         Q              U_MMU_RA/MMU_RA_MUX/U_DRAM_HOLD_TIME/Q3_SHIFT_REGISTER_i4  (from DELAY_CLK +)
   Destination:    FF         Data in        U_MMU_RA/MMU_RA_MUX/U_DRAM_HOLD_TIME/D_Q3_16  (to DELAY_CLK +)

   Delay:               0.285ns  (46.7% logic, 53.3% route), 1 logic levels.

 Constraint Details:

      0.285ns physical path delay SLICE_55 to SLICE_65 meets
     -0.019ns M_HLD and
      0.000ns delay constraint less
      0.000ns skew requirement (totaling -0.019ns) by 0.304ns

 Physical Path Details:

      Data path SLICE_55 to SLICE_65:

   Name    Fanout   Delay (ns)          Site               Resource
REG_DEL     ---     0.133      R3C5B.CLK to       R3C5B.Q0 SLICE_55 (from DELAY_CLK)
ROUTE         1     0.152       R3C5B.Q0 to       R3C5D.M0 U_MMU_RA/MMU_RA_MUX/U_DRAM_HOLD_TIME/Q3_SHIFT_REGISTER_4 (to DELAY_CLK)
                  --------
                    0.285   (46.7% logic, 53.3% route), 1 logic levels.

 Clock Skew Details: 

      Source Clock Path U_DELAY_OSCILLATOR/U_OSCH to SLICE_55:

   Name    Fanout   Delay (ns)          Site               Resource
ROUTE        11     1.029        OSC.OSC to      R3C5B.CLK DELAY_CLK
                  --------
                    1.029   (0.0% logic, 100.0% route), 0 logic levels.

      Destination Clock Path U_DELAY_OSCILLATOR/U_OSCH to SLICE_65:

   Name    Fanout   Delay (ns)          Site               Resource
ROUTE        11     1.029        OSC.OSC to      R3C5D.CLK DELAY_CLK
                  --------
                    1.029   (0.0% logic, 100.0% route), 0 logic levels.


Passed: The following path meets requirements by 0.304ns

 Logical Details:  Cell type  Pin type       Cell/ASIC name  (clock net +/-)

   Source:         FF         Q              U_MMU_HOLD_TIME/SHIFT_REGISTER_i4  (from DELAY_CLK +)
   Destination:    FF         Data in        U_MMU_HOLD_TIME/SHIFT_REGISTER_i5  (to DELAY_CLK +)

   Delay:               0.285ns  (46.7% logic, 53.3% route), 1 logic levels.

 Constraint Details:

      0.285ns physical path delay SLICE_62 to SLICE_60 meets
     -0.019ns M_HLD and
      0.000ns delay constraint less
      0.000ns skew requirement (totaling -0.019ns) by 0.304ns

 Physical Path Details:

      Data path SLICE_62 to SLICE_60:

   Name    Fanout   Delay (ns)          Site               Resource
REG_DEL     ---     0.133      R4C7D.CLK to       R4C7D.Q1 SLICE_62 (from DELAY_CLK)
ROUTE         1     0.152       R4C7D.Q1 to       R4C7B.M0 U_MMU_HOLD_TIME/SHIFT_REGISTER_4 (to DELAY_CLK)
                  --------
                    0.285   (46.7% logic, 53.3% route), 1 logic levels.

 Clock Skew Details: 

      Source Clock Path U_DELAY_OSCILLATOR/U_OSCH to SLICE_62:

   Name    Fanout   Delay (ns)          Site               Resource
ROUTE        11     1.029        OSC.OSC to      R4C7D.CLK DELAY_CLK
                  --------
                    1.029   (0.0% logic, 100.0% route), 0 logic levels.

      Destination Clock Path U_DELAY_OSCILLATOR/U_OSCH to SLICE_60:

   Name    Fanout   Delay (ns)          Site               Resource
ROUTE        11     1.029        OSC.OSC to      R4C7B.CLK DELAY_CLK
                  --------
                    1.029   (0.0% logic, 100.0% route), 0 logic levels.


Passed: The following path meets requirements by 0.304ns

 Logical Details:  Cell type  Pin type       Cell/ASIC name  (clock net +/-)

   Source:         FF         Q              U_MMU_HOLD_TIME/SHIFT_REGISTER_i3  (from DELAY_CLK +)
   Destination:    FF         Data in        U_MMU_HOLD_TIME/SHIFT_REGISTER_i4  (to DELAY_CLK +)

   Delay:               0.285ns  (46.7% logic, 53.3% route), 1 logic levels.

 Constraint Details:

      0.285ns physical path delay SLICE_62 to SLICE_62 meets
     -0.019ns M_HLD and
      0.000ns delay constraint less
      0.000ns skew requirement (totaling -0.019ns) by 0.304ns

 Physical Path Details:

      Data path SLICE_62 to SLICE_62:

   Name    Fanout   Delay (ns)          Site               Resource
REG_DEL     ---     0.133      R4C7D.CLK to       R4C7D.Q0 SLICE_62 (from DELAY_CLK)
ROUTE         1     0.152       R4C7D.Q0 to       R4C7D.M1 U_MMU_HOLD_TIME/SHIFT_REGISTER_3 (to DELAY_CLK)
                  --------
                    0.285   (46.7% logic, 53.3% route), 1 logic levels.

 Clock Skew Details: 

      Source Clock Path U_DELAY_OSCILLATOR/U_OSCH to SLICE_62:

   Name    Fanout   Delay (ns)          Site               Resource
ROUTE        11     1.029        OSC.OSC to      R4C7D.CLK DELAY_CLK
                  --------
                    1.029   (0.0% logic, 100.0% route), 0 logic levels.

      Destination Clock Path U_DELAY_OSCILLATOR/U_OSCH to SLICE_62:

   Name    Fanout   Delay (ns)          Site               Resource
ROUTE        11     1.029        OSC.OSC to      R4C7D.CLK DELAY_CLK
                  --------
                    1.029   (0.0% logic, 100.0% route), 0 logic levels.


Passed: The following path meets requirements by 0.304ns

 Logical Details:  Cell type  Pin type       Cell/ASIC name  (clock net +/-)

   Source:         FF         Q              U_MMU_RA/MMU_RA_MUX/U_DRAM_HOLD_TIME/PRAS_N_SHIFT_REGISTER_i3  (from DELAY_CLK +)
   Destination:    FF         Data in        U_MMU_RA/MMU_RA_MUX/U_DRAM_HOLD_TIME/PRAS_N_SHIFT_REGISTER_i4  (to DELAY_CLK +)

   Delay:               0.285ns  (46.7% logic, 53.3% route), 1 logic levels.

 Constraint Details:

      0.285ns physical path delay SLICE_63 to SLICE_56 meets
     -0.019ns M_HLD and
      0.000ns delay constraint less
      0.000ns skew requirement (totaling -0.019ns) by 0.304ns

 Physical Path Details:

      Data path SLICE_63 to SLICE_56:

   Name    Fanout   Delay (ns)          Site               Resource
REG_DEL     ---     0.133      R3C6A.CLK to       R3C6A.Q1 SLICE_63 (from DELAY_CLK)
ROUTE         1     0.152       R3C6A.Q1 to       R3C6D.M0 U_MMU_RA/MMU_RA_MUX/U_DRAM_HOLD_TIME/PRAS_N_SHIFT_REGISTER_3 (to DELAY_CLK)
                  --------
                    0.285   (46.7% logic, 53.3% route), 1 logic levels.

 Clock Skew Details: 

      Source Clock Path U_DELAY_OSCILLATOR/U_OSCH to SLICE_63:

   Name    Fanout   Delay (ns)          Site               Resource
ROUTE        11     1.029        OSC.OSC to      R3C6A.CLK DELAY_CLK
                  --------
                    1.029   (0.0% logic, 100.0% route), 0 logic levels.

      Destination Clock Path U_DELAY_OSCILLATOR/U_OSCH to SLICE_56:

   Name    Fanout   Delay (ns)          Site               Resource
ROUTE        11     1.029        OSC.OSC to      R3C6D.CLK DELAY_CLK
                  --------
                    1.029   (0.0% logic, 100.0% route), 0 logic levels.


Passed: The following path meets requirements by 0.304ns

 Logical Details:  Cell type  Pin type       Cell/ASIC name  (clock net +/-)

   Source:         FF         Q              U_MMU_RA/MMU_RA_MUX/U_DRAM_HOLD_TIME/PRAS_N_SHIFT_REGISTER_i2  (from DELAY_CLK +)
   Destination:    FF         Data in        U_MMU_RA/MMU_RA_MUX/U_DRAM_HOLD_TIME/PRAS_N_SHIFT_REGISTER_i3  (to DELAY_CLK +)

   Delay:               0.285ns  (46.7% logic, 53.3% route), 1 logic levels.

 Constraint Details:

      0.285ns physical path delay SLICE_63 to SLICE_63 meets
     -0.019ns M_HLD and
      0.000ns delay constraint less
      0.000ns skew requirement (totaling -0.019ns) by 0.304ns

 Physical Path Details:

      Data path SLICE_63 to SLICE_63:

   Name    Fanout   Delay (ns)          Site               Resource
REG_DEL     ---     0.133      R3C6A.CLK to       R3C6A.Q0 SLICE_63 (from DELAY_CLK)
ROUTE         1     0.152       R3C6A.Q0 to       R3C6A.M1 U_MMU_RA/MMU_RA_MUX/U_DRAM_HOLD_TIME/PRAS_N_SHIFT_REGISTER_2 (to DELAY_CLK)
                  --------
                    0.285   (46.7% logic, 53.3% route), 1 logic levels.

 Clock Skew Details: 

      Source Clock Path U_DELAY_OSCILLATOR/U_OSCH to SLICE_63:

   Name    Fanout   Delay (ns)          Site               Resource
ROUTE        11     1.029        OSC.OSC to      R3C6A.CLK DELAY_CLK
                  --------
                    1.029   (0.0% logic, 100.0% route), 0 logic levels.

      Destination Clock Path U_DELAY_OSCILLATOR/U_OSCH to SLICE_63:

   Name    Fanout   Delay (ns)          Site               Resource
ROUTE        11     1.029        OSC.OSC to      R3C6A.CLK DELAY_CLK
                  --------
                    1.029   (0.0% logic, 100.0% route), 0 logic levels.


Passed: The following path meets requirements by 0.304ns

 Logical Details:  Cell type  Pin type       Cell/ASIC name  (clock net +/-)

   Source:         FF         Q              U_MMU_HOLD_TIME/SHIFT_REGISTER_i1  (from DELAY_CLK +)
   Destination:    FF         Data in        U_MMU_HOLD_TIME/SHIFT_REGISTER_i2  (to DELAY_CLK +)

   Delay:               0.285ns  (46.7% logic, 53.3% route), 1 logic levels.

 Constraint Details:

      0.285ns physical path delay SLICE_66 to SLICE_66 meets
     -0.019ns M_HLD and
      0.000ns delay constraint less
      0.000ns skew requirement (totaling -0.019ns) by 0.304ns

 Physical Path Details:

      Data path SLICE_66 to SLICE_66:

   Name    Fanout   Delay (ns)          Site               Resource
REG_DEL     ---     0.133      R4C6B.CLK to       R4C6B.Q0 SLICE_66 (from DELAY_CLK)
ROUTE         1     0.152       R4C6B.Q0 to       R4C6B.M1 U_MMU_HOLD_TIME/SHIFT_REGISTER_1 (to DELAY_CLK)
                  --------
                    0.285   (46.7% logic, 53.3% route), 1 logic levels.

 Clock Skew Details: 

      Source Clock Path U_DELAY_OSCILLATOR/U_OSCH to SLICE_66:

   Name    Fanout   Delay (ns)          Site               Resource
ROUTE        11     1.029        OSC.OSC to      R4C6B.CLK DELAY_CLK
                  --------
                    1.029   (0.0% logic, 100.0% route), 0 logic levels.

      Destination Clock Path U_DELAY_OSCILLATOR/U_OSCH to SLICE_66:

   Name    Fanout   Delay (ns)          Site               Resource
ROUTE        11     1.029        OSC.OSC to      R4C6B.CLK DELAY_CLK
                  --------
                    1.029   (0.0% logic, 100.0% route), 0 logic levels.


Passed: The following path meets requirements by 0.304ns

 Logical Details:  Cell type  Pin type       Cell/ASIC name  (clock net +/-)

   Source:         FF         Q              U_MMU_RA/MMU_RA_MUX/U_DRAM_HOLD_TIME/PRAS_N_SHIFT_REGISTER_i0  (from DELAY_CLK +)
   Destination:    FF         Data in        U_MMU_RA/MMU_RA_MUX/U_DRAM_HOLD_TIME/PRAS_N_SHIFT_REGISTER_i1  (to DELAY_CLK +)

   Delay:               0.285ns  (46.7% logic, 53.3% route), 1 logic levels.

 Constraint Details:

      0.285ns physical path delay SLICE_68 to SLICE_68 meets
     -0.019ns M_HLD and
      0.000ns delay constraint less
      0.000ns skew requirement (totaling -0.019ns) by 0.304ns

 Physical Path Details:

      Data path SLICE_68 to SLICE_68:

   Name    Fanout   Delay (ns)          Site               Resource
REG_DEL     ---     0.133      R2C6C.CLK to       R2C6C.Q0 SLICE_68 (from DELAY_CLK)
ROUTE         1     0.152       R2C6C.Q0 to       R2C6C.M1 U_MMU_RA/MMU_RA_MUX/U_DRAM_HOLD_TIME/PRAS_N_SHIFT_REGISTER_0 (to DELAY_CLK)
                  --------
                    0.285   (46.7% logic, 53.3% route), 1 logic levels.

 Clock Skew Details: 

      Source Clock Path U_DELAY_OSCILLATOR/U_OSCH to SLICE_68:

   Name    Fanout   Delay (ns)          Site               Resource
ROUTE        11     1.029        OSC.OSC to      R2C6C.CLK DELAY_CLK
                  --------
                    1.029   (0.0% logic, 100.0% route), 0 logic levels.

      Destination Clock Path U_DELAY_OSCILLATOR/U_OSCH to SLICE_68:

   Name    Fanout   Delay (ns)          Site               Resource
ROUTE        11     1.029        OSC.OSC to      R2C6C.CLK DELAY_CLK
                  --------
                    1.029   (0.0% logic, 100.0% route), 0 logic levels.


Passed: The following path meets requirements by 0.418ns

 Logical Details:  Cell type  Pin type       Cell/ASIC name  (clock net +/-)

   Source:         FF         Q              U_MMU_RA/MMU_RA_MUX/U_DRAM_HOLD_TIME/Q3_SHIFT_REGISTER_i3  (from DELAY_CLK +)
   Destination:    FF         Data in        U_MMU_RA/MMU_RA_MUX/U_DRAM_HOLD_TIME/Q3_SHIFT_REGISTER_i4  (to DELAY_CLK +)

   Delay:               0.399ns  (33.3% logic, 66.7% route), 1 logic levels.

 Constraint Details:

      0.399ns physical path delay SLICE_52 to SLICE_55 meets
     -0.019ns M_HLD and
      0.000ns delay constraint less
      0.000ns skew requirement (totaling -0.019ns) by 0.418ns

 Physical Path Details:

      Data path SLICE_52 to SLICE_55:

   Name    Fanout   Delay (ns)          Site               Resource
REG_DEL     ---     0.133      R4C5D.CLK to       R4C5D.Q1 SLICE_52 (from DELAY_CLK)
ROUTE         1     0.266       R4C5D.Q1 to       R3C5B.M0 U_MMU_RA/MMU_RA_MUX/U_DRAM_HOLD_TIME/Q3_SHIFT_REGISTER_3 (to DELAY_CLK)
                  --------
                    0.399   (33.3% logic, 66.7% route), 1 logic levels.

 Clock Skew Details: 

      Source Clock Path U_DELAY_OSCILLATOR/U_OSCH to SLICE_52:

   Name    Fanout   Delay (ns)          Site               Resource
ROUTE        11     1.029        OSC.OSC to      R4C5D.CLK DELAY_CLK
                  --------
                    1.029   (0.0% logic, 100.0% route), 0 logic levels.

      Destination Clock Path U_DELAY_OSCILLATOR/U_OSCH to SLICE_55:

   Name    Fanout   Delay (ns)          Site               Resource
ROUTE        11     1.029        OSC.OSC to      R3C5B.CLK DELAY_CLK
                  --------
                    1.029   (0.0% logic, 100.0% route), 0 logic levels.

Report Summary
--------------
----------------------------------------------------------------------------
Preference(MIN Delays)                  |   Constraint|       Actual|Levels
----------------------------------------------------------------------------
                                        |             |             |
FREQUENCY NET "DELAY_CLK" 133.000000    |             |             |
MHz ;                                   |     0.000 ns|     0.304 ns|   1  
                                        |             |             |
----------------------------------------------------------------------------


All preferences were met.


Clock Domains Analysis
------------------------

Found 14 clocks:

Clock Domain: U_SOFT_SWITCHES_C05X/PG2_N_129   Source: SLICE_9.F1   Loads: 1
   No transfer within this clock domain is found

Clock Domain: U_SOFT_SWITCHES_C05X/HIRES_N_134   Source: SLICE_56.F1   Loads: 1
   No transfer within this clock domain is found

Clock Domain: U_SOFT_SWITCHES_C00X/SOFT_SWITCHES_LATCH/Q3_N_104   Source: SLICE_55.F1   Loads: 1
   No transfer within this clock domain is found

Clock Domain: U_SOFT_SWITCHES_C00X/SOFT_SWITCHES_LATCH/Q2_N_101   Source: SLICE_63.F1   Loads: 1
   No transfer within this clock domain is found

Clock Domain: U_MMU_SOFT_SWITCHES_C08X/DEV0_N_N_87   Source: SLICE_41.F1   Loads: 6
   No transfer within this clock domain is found

Clock Domain: U_MMU_RA/MMU_RA_MUX/WAITING_FOR_PRAS_N_246   Source: U_MMU_RA/MMU_RA_MUX/SLICE_73.F1   Loads: 1
   No transfer within this clock domain is found

Clock Domain: U_MMU_RA/MMU_RA_MUX/PRAS_N_c_derived_1   Source: U_MMU_RA/MMU_RA_MUX/SLICE_29.F0   Loads: 3
   No transfer within this clock domain is found

Clock Domain: Q5_N_110   Source: SLICE_7.F1   Loads: 1
   No transfer within this clock domain is found

Clock Domain: Q4_N_107   Source: SLICE_68.F0   Loads: 1
   No transfer within this clock domain is found

Clock Domain: Q1_N_98   Source: SLICE_68.F1   Loads: 1
   No transfer within this clock domain is found

Clock Domain: Q0_N_91   Source: SLICE_54.F1   Loads: 1
   No transfer within this clock domain is found

Clock Domain: PHI_0_c   Source: PHI_0.PAD   Loads: 13
   No transfer within this clock domain is found

Clock Domain: L5_6_N_173   Source: U_ADDR_DECODER/SLICE_42.F1   Loads: 2
   No transfer within this clock domain is found

Clock Domain: DELAY_CLK   Source: U_DELAY_OSCILLATOR/U_OSCH.OSC   Loads: 11
   Covered under: FREQUENCY NET "DELAY_CLK" 133.000000 MHz ;


Timing summary (Hold):
---------------

Timing errors: 0  Score: 0
Cumulative negative slack: 0

Constraints cover 17 paths, 1 nets, and 49 connections (10.38% coverage)



Timing summary (Setup and Hold):
---------------

Timing errors: 0 (setup), 0 (hold)
Score: 0 (setup), 0 (hold)
Cumulative negative slack: 0 (0+0)
--------------------------------------------------------------------------------

--------------------------------------------------------------------------------

